ASxxxx Linker V03.00 + NoICE + sdld,  page 1.
Hexadecimal  [32-Bits]

Area                                    Addr        Size        Decimal Bytes (Attributes)
--------------------------------        ----        ----        ------- ----- ------------
.  .ABS.                            00000000    00000000 =           0. bytes (ABS,CON)

      Value  Global                              Global Defined In Module
      -----  --------------------------------   ------------------------
     00000000  .__.ABS.                           
     00000000  l__CABS                         
     00000000  l__DABS                         
     00000000  l__GSFINAL                      
     00000000  l__GSINIT                       
     00000000  l__HOME                         
     00000000  l__INITIALIZED                  
     00000000  l__INITIALIZER                  
     00000000  s__CABS                         
     00000000  s__DABS                         
     0000001A  l__DATA                         
     000004A3  l__CODE                         
     00004000  s__CODE                         
     000044A3  s__DATA                         
     000044BD  s__GSFINAL                      
     000044BD  s__GSINIT                       
     000044BD  s__HOME                         
     000044BD  s__INITIALIZED                  
     000044BD  s__INITIALIZER                  

ASxxxx Linker V03.00 + NoICE + sdld,  page 2.
Hexadecimal  [32-Bits]

Area                                    Addr        Size        Decimal Bytes (Attributes)
--------------------------------        ----        ----        ------- ----- ------------
_CODE                               00004000    000004A3 =        1187. bytes (REL,CON)

      Value  Global                              Global Defined In Module
      -----  --------------------------------   ------------------------
     00004000  _m_sencillo                        sencillo
     000041F4  _tileset_32x8_0                    tileset_32x8
     00004214  _tileset_32x8_1                    tileset_32x8
     00004234  _tileset_32x8_2                    tileset_32x8
     00004254  _tileset_32x8_3                    tileset_32x8
     00004274  _pinta_mapa                        mapas
     0000429A  _g_palette                         g_palette
     000042AA  _main                              cpct_keyboard
     000042BD  _cpct_setPALColour                 cpct_video
     000042C9  cpct_drawStringM1_asm              cpct_strings
     000042ED  cpct_drawCharM1_inner_asm          cpct_strings
     0000432D  cpct_char2pxM1                     cpct_strings
     0000433D  _cpct_etm_drawTilemap4x8_ag        cpct_easytilemaps
     00004347  cpct_etm_dtm4x8_ag_c_widthHeight   cpct_easytilemaps
     0000435D  cpct_etm_dtm4x8_ag_c_tilesetPtr    cpct_easytilemaps
     000043C8  cpct_etm_dtm4x8_ag_c_restoreI      cpct_easytilemaps
     000043CE  cpct_etm_dtm4x8_ag_c_incrementHL   cpct_easytilemaps
     000043D3  cpct_etm_dtm4x8_ag_c_restoreWidt   cpct_easytilemaps
     000043D6  cpct_etm_dtm4x8_ag_c_updateWidth   cpct_easytilemaps
     000043E2  _cpct_setVideoMode                 cpct_video
     000043F0  _cpct_disableFirmware              cpct_firmware
     000043F0  _cpct_removeInterruptHandler       cpct_firmware
     000043F0  cpct_disableFirmware_asm           cpct_firmware
     000043F0  cpct_removeInterruptHandler_asm    cpct_firmware
     00004400  _cpct_mode_rom_status              cpct_firmware
     00004401  _cpct_etm_setDrawTilemap4x8_ag     cpct_easytilemaps
     00004431  cpct_getScreenPtr_asm              cpct_video
     00004443  cpct_setDrawCharM1_asm             cpct_strings
     00004494  cpct_setCRTCReg_asm                cpct_video
     0000449F  dc_mode1_ct                        
ASxxxx Linker V03.00 + NoICE + sdld,  page 3.
Hexadecimal  [32-Bits]

Area                                    Addr        Size        Decimal Bytes (Attributes)
--------------------------------        ----        ----        ------- ----- ------------
_DATA                               000044A3    0000001A =          26. bytes (REL,CON)

      Value  Global                              Global Defined In Module
      -----  --------------------------------   ------------------------
ASxxxx Linker V03.00 + NoICE + sdld,  page 4.

Files Linked                              [ module(s) ]

obj/media/sencillo.rel                    [ sencillo ]
obj/media/tileset_32x8.rel                [ tileset_32x8 ]
obj/mapas.rel                             [ mapas ]
obj/media/g_palette.rel                   [ g_palette ]
obj/main.rel                              [ cpct_keyboard ]


Libraries Linked                          [ object file ]

/home/raul/cpctelera/cpctelera/cpctelera.lib
                                          [ cpct_setPALColour_cbindings.rel ]
/home/raul/cpctelera/cpctelera/cpctelera.lib
                                          [ cpct_drawStringM1_asmbindings.re ]
/home/raul/cpctelera/cpctelera/cpctelera.lib
                                          [ cpct_drawCharM1_inner.rel ]
/home/raul/cpctelera/cpctelera/cpctelera.lib
                                          [ cpct_etm_drawTilemap4x8_ag_cbind ]
/home/raul/cpctelera/cpctelera/cpctelera.lib
                                          [ cpct_setVideoMode_cbindings.rel ]
/home/raul/cpctelera/cpctelera/cpctelera.lib
                                          [ cpct_removeInterruptHandler.rel ]
/home/raul/cpctelera/cpctelera/cpctelera.lib
                                          [ cpc_mode_rom_status.rel ]
/home/raul/cpctelera/cpctelera/cpctelera.lib
                                          [ cpct_etm_setDrawTilemap4x8_ag_cb ]
/home/raul/cpctelera/cpctelera/cpctelera.lib
                                          [ cpct_getScreenPtr_asmbindings.re ]
/home/raul/cpctelera/cpctelera/cpctelera.lib
                                          [ cpct_setDrawCharM1_asmbindings.r ]
/home/raul/cpctelera/cpctelera/cpctelera.lib
                                          [ cpct_setCRTCReg_asmbindings.rel ]
/home/raul/cpctelera/cpctelera/cpctelera.lib
                                          [ cpct_dc_mode1_ct.rel ]

ASxxxx Linker V03.00 + NoICE + sdld,  page 5.

User Base Address Definitions

_CODE = 0x4000
_DATA = 0x0000

