ASxxxx Linker V03.00 + NoICE + sdld,  page 1.
Hexadecimal  [32-Bits]

Area                                    Addr        Size        Decimal Bytes (Attributes)
--------------------------------        ----        ----        ------- ----- ------------
.  .ABS.                            00000000    00000000 =           0. bytes (ABS,CON)

      Value  Global                              Global Defined In Module
      -----  --------------------------------   ------------------------
     00000000  .__.ABS.                           cpct_easytilemaps
     00000000  l__CABS                         
     00000000  l__DABS                         
     00000000  l__DATA                         
     00000000  l__GSFINAL                      
     00000000  l__GSINIT                       
     00000000  l__HOME                         
     00000000  l__INITIALIZED                  
     00000000  l__INITIALIZER                  
     00000000  s__CABS                         
     00000000  s__DABS                         
     000013C0  l__CODE                         
     00004000  s__CODE                         
     000053C0  s__DATA                         
     000053C0  s__GSFINAL                      
     000053C0  s__GSINIT                       
     000053C0  s__HOME                         
     000053C0  s__INITIALIZED                  
     000053C0  s__INITIALIZER                  

ASxxxx Linker V03.00 + NoICE + sdld,  page 2.
Hexadecimal  [32-Bits]

Area                                    Addr        Size        Decimal Bytes (Attributes)
--------------------------------        ----        ----        ------- ----- ------------
_CODE                               00004000    000013C0 =        5056. bytes (REL,CON)

      Value  Global                              Global Defined In Module
      -----  --------------------------------   ------------------------
     00004000  _max                               max
     00004320  _m0_20x25                          20x25
     00004514  _m1_32x25                          32x25
     00004708  _m1_sencillo                       16x25
     00004898  _uno                               uno
     000048D8  _fuego                             fuego
     000048F8  _tiles_8x8_0                       tiles_8x8_M0
     00004918  _tiles_8x8_1                       tiles_8x8_M0
     00004938  _tiles_8x8_2                       tiles_8x8_M0
     00004958  _tiles_8x8_3                       tiles_8x8_M0
     00004978  _tiles_8x8_4                       tiles_8x8_M0
     00004998  _tiles_8x8_5                       tiles_8x8_M0
     000049B8  _tiles_8x8_6                       tiles_8x8_M0
     000049D8  _tiles_8x8_7                       tiles_8x8_M0
     000049F8  _tiles_16x8_0                      tiles_16x8_M1
     00004A18  _tiles_16x8_1                      tiles_16x8_M1
     00004A38  _tiles_16x8_2                      tiles_16x8_M1
     00004A58  _tiles_16x8_3                      tiles_16x8_M1
     00004A78  _tiles_16x8_4                      tiles_16x8_M1
     00004A98  _tiles_16x8_5                      tiles_16x8_M1
     00004AB8  _tiles_16x8_6                      tiles_16x8_M1
     00004AD8  _tiles_16x8_7                      tiles_16x8_M1
     00004AF8  _m0_60x25                          60x25
     000050D4  set_tilemap                        set_draw_tilemap_4x8.s
     000050E2  _main                              cpct_keyboard
     000051A8  pintar_sprites                     pinta_sprites
     000051CF  setreg                             setreg
     000051F0  cls                                cls
     000051FC  my_draw_sprite                     my_cpct_sprites
     0000529C  cpct_setPALColour_asm              cpct_video
     000052A6  _cpct_setVideoMemoryOffset         cpct_video
     000052A6  cpct_setVideoMemoryOffset_asm      cpct_video
     000052AF  _cpct_setVideoMemoryPage           cpct_video
     000052AF  cpct_setVideoMemoryPage_asm        cpct_video
     000052B8  _cpct_waitVSYNC                    cpct_video
     000052B8  cpct_waitVSYNC_asm                 cpct_video
     000052C0  cpct_setVideoMode_asm              cpct_video
     000052CD  _cpct_disableFirmware              cpct_firmware
     000052CD  _cpct_removeInterruptHandler       cpct_firmware
     000052CD  cpct_disableFirmware_asm           cpct_firmware
     000052CD  cpct_removeInterruptHandler_asm    cpct_firmware
     000052DD  _cpct_mode_rom_status              cpct_firmware
     000052DE  cpct_getScreenPtr_asm              cpct_video
     000052F0  cpct_setCRTCReg_asm                cpct_video
     000052FB  cpct_etm_setDrawTilemap4x8_ag_as   cpct_easytilemaps
     00005327  cpct_etm_drawTilemap4x8_ag_asm     cpct_easytilemaps
     00005329  cpct_etm_dtm4x8_ag_asm_widthHeig   cpct_easytilemaps
     0000533F  cpct_etm_dtm4x8_ag_asm_tilesetPt   cpct_easytilemaps
     000053AA  cpct_etm_dtm4x8_ag_asm_restoreI    cpct_easytilemaps
     000053B0  cpct_etm_dtm4x8_ag_asm_increment   cpct_easytilemaps
ASxxxx Linker V03.00 + NoICE + sdld,  page 3.
Hexadecimal  [32-Bits]

Area                                    Addr        Size        Decimal Bytes (Attributes)
--------------------------------        ----        ----        ------- ----- ------------
_CODE                               00004000    000013C0 =        5056. bytes (REL,CON)

      Value  Global                              Global Defined In Module
      -----  --------------------------------   ------------------------
     000053B5  cpct_etm_dtm4x8_ag_asm_restoreWi   cpct_easytilemaps
     000053B8  cpct_etm_dtm4x8_ag_asm_updateWid   cpct_easytilemaps

ASxxxx Linker V03.00 + NoICE + sdld,  page 4.

Files Linked                              [ module(s) ]

obj/mapas/max.rel                         [ max ]
obj/mapas/20x25.rel                       [ 20x25 ]
obj/mapas/32x25.rel                       [ 32x25 ]
obj/mapas/16x25.rel                       [ 16x25 ]
obj/media/uno.rel                         [ uno ]
obj/media/fuego.rel                       [ fuego ]
obj/media/tiles_8x8_M0.rel                [ tiles_8x8_M0 ]
obj/media/tiles_16x8_M1.rel               [ tiles_16x8_M1 ]
obj/mapas/60x25.rel                       [ 60x25 ]
obj/draw_tilemap.rel                      [ set_draw_tilemap_4x8.s ]
obj/main.rel                              [ cpct_keyboard ]
obj/sistemas/my_draw_sprite.rel           [ cpct_sprites ]
obj/sistemas/pinta_sprites.rel            [ pinta_sprites ]
obj/sistemas/setreg.rel                   [ setreg ]
obj/rutinas/cls.rel                       [ cls ]
obj/cpct_func/my_draw_sprite.rel          [ my_cpct_sprites ]


Libraries Linked                          [ object file ]

/home/raul/cpctelera/cpctelera/cpctelera.lib
                                          [ cpct_setPALColour_asmbindings.re ]
/home/raul/cpctelera/cpctelera/cpctelera.lib
                                          [ cpct_setVideoMemoryOffset.rel ]
/home/raul/cpctelera/cpctelera/cpctelera.lib
                                          [ cpct_setVideoMemoryPage.rel ]
/home/raul/cpctelera/cpctelera/cpctelera.lib
                                          [ cpct_waitVSYNC.rel ]
/home/raul/cpctelera/cpctelera/cpctelera.lib
                                          [ cpct_setVideoMode_asmbindings.re ]
/home/raul/cpctelera/cpctelera/cpctelera.lib
                                          [ cpct_removeInterruptHandler.rel ]
/home/raul/cpctelera/cpctelera/cpctelera.lib
                                          [ cpc_mode_rom_status.rel ]
/home/raul/cpctelera/cpctelera/cpctelera.lib
                                          [ cpct_getScreenPtr_asmbindings.re ]
/home/raul/cpctelera/cpctelera/cpctelera.lib
                                          [ cpct_setCRTCReg_asmbindings.rel ]
/home/raul/cpctelera/cpctelera/cpctelera.lib
                                          [ cpct_etm_setDrawTilemap4x8_ag_as ]
/home/raul/cpctelera/cpctelera/cpctelera.lib
                                          [ cpct_etm_drawTilemap4x8_ag_asmbi ]

ASxxxx Linker V03.00 + NoICE + sdld,  page 5.

User Base Address Definitions

_CODE = 0x4000
_DATA = 0x0000

