ASxxxx Linker V03.00 + NoICE + sdld,  page 1.
Hexadecimal  [32-Bits]

Area                                    Addr        Size        Decimal Bytes (Attributes)
--------------------------------        ----        ----        ------- ----- ------------
.  .ABS.                            00000000    00000000 =           0. bytes (ABS,CON)

      Value  Global                              Global Defined In Module
      -----  --------------------------------   ------------------------
     00000000  .__.ABS.                           cpct_video
     00000000  l__CABS                         
     00000000  l__DABS                         
     00000000  l__DATA                         
     00000000  l__GSFINAL                      
     00000000  l__GSINIT                       
     00000000  l__HOME                         
     00000000  l__INITIALIZED                  
     00000000  l__INITIALIZER                  
     00000000  s__CABS                         
     00000000  s__DABS                         
     000007DA  l__CODE                         
     00004000  s__CODE                         
     000047DA  s__DATA                         
     000047DA  s__GSFINAL                      
     000047DA  s__GSINIT                       
     000047DA  s__HOME                         
     000047DA  s__INITIALIZED                  
     000047DA  s__INITIALIZER                  

ASxxxx Linker V03.00 + NoICE + sdld,  page 2.
Hexadecimal  [32-Bits]

Area                                    Addr        Size        Decimal Bytes (Attributes)
--------------------------------        ----        ----        ------- ----- ------------
_CODE                               00004000    000007DA =        2010. bytes (REL,CON)

      Value  Global                              Global Defined In Module
      -----  --------------------------------   ------------------------
     00004000  _max                               max
     000041F4  _uno                               uno
     00004234  _fuego                             fuego
     00004254  _tiles_8x8_0                       tiles_8x8_M0
     00004274  _tiles_8x8_1                       tiles_8x8_M0
     00004294  _tiles_8x8_2                       tiles_8x8_M0
     000042B4  _tiles_8x8_3                       tiles_8x8_M0
     000042D4  _tiles_8x8_4                       tiles_8x8_M0
     000042F4  _tiles_8x8_5                       tiles_8x8_M0
     00004314  _tiles_8x8_6                       tiles_8x8_M0
     00004334  _tiles_8x8_7                       tiles_8x8_M0
     00004354  _pinta_mapa                        mapas
     00004355  _tiles_16x8_0                      tiles_16x8_M1
     00004375  _tiles_16x8_1                      tiles_16x8_M1
     00004395  _tiles_16x8_2                      tiles_16x8_M1
     000043B5  _tiles_16x8_3                      tiles_16x8_M1
     000043D5  _tiles_16x8_4                      tiles_16x8_M1
     000043F5  _tiles_16x8_5                      tiles_16x8_M1
     00004415  _tiles_16x8_6                      tiles_16x8_M1
     00004435  _tiles_16x8_7                      tiles_16x8_M1
     00004455  set_tilemap                        set_draw_tilemap_4x8.s
     00004463  draw_tilemap                       set_draw_tilemap_4x8.s
     0000446D  _main                              cpct_keyboard
     00004536  pintar_sprites                     pinta_sprites
     00004554  _espera_pulsacion_alguna_tecla     rutinas_espera_tecla.s
     00004565  setreg                             setreg
     0000457A  cls                                cls
     00004586  cpct_etm_drawTilemap4x8_ag_asm     cpct_easytilemaps
     00004588  cpct_etm_dtm4x8_ag_asm_widthHeig   cpct_easytilemaps
     0000459E  cpct_etm_dtm4x8_ag_asm_tilesetPt   cpct_easytilemaps
     00004609  cpct_etm_dtm4x8_ag_asm_restoreI    cpct_easytilemaps
     0000460F  cpct_etm_dtm4x8_ag_asm_increment   cpct_easytilemaps
     00004614  cpct_etm_dtm4x8_ag_asm_restoreWi   cpct_easytilemaps
     00004617  cpct_etm_dtm4x8_ag_asm_updateWid   cpct_easytilemaps
     0000461F  my_cpct_etm_setDrawTilemap4x8_ag   cpct_easytilemaps
     0000464B  my_draw_sprite                     my_cpct_sprites
     000046EC  _cpct_scanKeyboard_f               cpct_keyboard
     000046EC  cpct_scanKeyboard_f_asm            cpct_keyboard
     00004756  cpct_setPALColour_asm              cpct_video
     00004760  _cpct_setVideoMemoryOffset         cpct_video
     00004760  cpct_setVideoMemoryOffset_asm      cpct_video
     00004769  _cpct_keyboardStatusBuffer         cpct_keyboard
     00004773  _cpct_setVideoMemoryPage           cpct_video
     00004773  cpct_setVideoMemoryPage_asm        cpct_video
     0000477C  _cpct_isAnyKeyPressed_f            cpct_keyboard
     0000477C  cpct_isAnyKeyPressed_f_asm         cpct_keyboard
     00004797  _cpct_waitVSYNC                    cpct_video
     00004797  cpct_waitVSYNC_asm                 cpct_video
     0000479F  cpct_setVideoMode_asm              cpct_video
     000047AC  _cpct_disableFirmware              cpct_firmware
ASxxxx Linker V03.00 + NoICE + sdld,  page 3.
Hexadecimal  [32-Bits]

Area                                    Addr        Size        Decimal Bytes (Attributes)
--------------------------------        ----        ----        ------- ----- ------------
_CODE                               00004000    000007DA =        2010. bytes (REL,CON)

      Value  Global                              Global Defined In Module
      -----  --------------------------------   ------------------------
     000047AC  _cpct_removeInterruptHandler       cpct_firmware
     000047AC  cpct_disableFirmware_asm           cpct_firmware
     000047AC  cpct_removeInterruptHandler_asm    cpct_firmware
     000047BC  _cpct_mode_rom_status              cpct_firmware
     000047BD  cpct_getScreenPtr_asm              cpct_video
     000047CF  cpct_setCRTCReg_asm                cpct_video

ASxxxx Linker V03.00 + NoICE + sdld,  page 4.

Files Linked                              [ module(s) ]

obj/mapas/max.rel                         [ max ]
obj/media/uno.rel                         [ uno ]
obj/media/fuego.rel                       [ fuego ]
obj/media/tiles_8x8_M0.rel                [ tiles_8x8_M0 ]
obj/mapas.rel                             [ mapas ]
obj/media/tiles_16x8_M1.rel               [ tiles_16x8_M1 ]
obj/draw_tilemap.rel                      [ set_draw_tilemap_4x8.s ]
obj/main.rel                              [ cpct_keyboard ]
obj/sistemas/my_draw_sprite.rel           [ cpct_sprites ]
obj/sistemas/pinta_sprites.rel            [ pinta_sprites ]
obj/sistemas/rutinas_espera_tecla.rel     [ rutinas_espera_tecla.s ]
obj/sistemas/setreg.rel                   [ setreg ]
obj/rutinas/cls.rel                       [ cls ]
obj/cpct_func/cpct_etm_drawTilemap4x8_ag_asmbindings.rel
                                          [ cpct_easytilemaps ]
obj/cpct_func/my_cpct_etm_setDrawTilemap4x8_ag_asmbindings.rel
                                          [ cpct_easytilemaps ]
obj/cpct_func/my_draw_sprite.rel          [ my_cpct_sprites ]


Libraries Linked                          [ object file ]

/home/raul/cpctelera/cpctelera/cpctelera.lib
                                          [ cpct_scanKeyboard_f.rel ]
/home/raul/cpctelera/cpctelera/cpctelera.lib
                                          [ cpct_setPALColour_asmbindings.re ]
/home/raul/cpctelera/cpctelera/cpctelera.lib
                                          [ cpct_setVideoMemoryOffset.rel ]
/home/raul/cpctelera/cpctelera/cpctelera.lib
                                          [ keyboard.rel ]
/home/raul/cpctelera/cpctelera/cpctelera.lib
                                          [ cpct_setVideoMemoryPage.rel ]
/home/raul/cpctelera/cpctelera/cpctelera.lib
                                          [ cpct_isAnyKeyPressed_f.rel ]
/home/raul/cpctelera/cpctelera/cpctelera.lib
                                          [ cpct_waitVSYNC.rel ]
/home/raul/cpctelera/cpctelera/cpctelera.lib
                                          [ cpct_setVideoMode_asmbindings.re ]
/home/raul/cpctelera/cpctelera/cpctelera.lib
                                          [ cpct_removeInterruptHandler.rel ]
/home/raul/cpctelera/cpctelera/cpctelera.lib
                                          [ cpc_mode_rom_status.rel ]
/home/raul/cpctelera/cpctelera/cpctelera.lib
                                          [ cpct_getScreenPtr_asmbindings.re ]
/home/raul/cpctelera/cpctelera/cpctelera.lib
                                          [ cpct_setCRTCReg_asmbindings.rel ]

ASxxxx Linker V03.00 + NoICE + sdld,  page 5.

User Base Address Definitions

_CODE = 0x4000
_DATA = 0x0000

